OpCapability Shader
OpMemoryModel Logical Simple
OpEntryPoint Fragment %1 "main"
OpExecutionMode %1 OriginUpperLeft
%2 = OpString "$OPSTRING_FILENAME/non-writable-storage_buffer.rs"
OpName %3 "buf_imm"
OpName %4 "buf_mut"
OpName %5 "buf_interior_mut"
OpDecorate %6 Block
OpMemberDecorate %6 0 Offset 0
OpDecorate %3 NonWritable
OpDecorate %3 Binding 0
OpDecorate %3 DescriptorSet 0
OpDecorate %4 Binding 1
OpDecorate %4 DescriptorSet 0
OpDecorate %5 Binding 2
OpDecorate %5 DescriptorSet 0
%7 = OpTypeVoid
%8 = OpTypeFunction %7
%9 = OpTypeInt 32 0
%6 = OpTypeStruct %9
%10 = OpTypePointer StorageBuffer %6
%3 = OpVariable  %10  StorageBuffer
%11 = OpConstant  %9  0
%12 = OpTypePointer StorageBuffer %9
%4 = OpVariable  %10  StorageBuffer
%5 = OpVariable  %10  StorageBuffer
